Restarting 'src/onboarding/server.js'
node:events:487
      throw er; // Unhandled 'error' event
      ^

Error: listen EADDRINUSE: address already in use :::3006
    at Server.setupListenHandle [as _listen2] (node:net:2009:16)
    at listenInCluster (node:net:2066:12)
    at Server.listen (node:net:2171:7)
    at app.listen (C:\Code\beyond\node_modules\express\lib\application.js:635:24)
    at file:///C:/Code/beyond/src/onboarding/server.js:1435:7
    at ModuleJob.run (node:internal/modules/esm/module_job:439:25)
    at process.processTicksAndRejections (node:internal/process/task_queues:104:5)
    at async node:internal/modules/esm/loader:643:26
    at async asyncRunEntryPointWithESMLoader (node:internal/modules/run_main:101:5)
Emitted 'error' event on Server instance at:
    at emitErrorNT (node:net:2045:8)
    at process.processTicksAndRejections (node:internal/process/task_queues:90:21) {
  code: 'EADDRINUSE',
  errno: -4091,
  syscall: 'listen',
  address: '::',
  port: 3006
}

Node.js v24.18.0
Failed running 'src/onboarding/server.js'. Waiting for file changes before restarting...
Restarting 'src/onboarding/server.js'
node:events:487
      throw er; // Unhandled 'error' event
      ^

Error: listen EADDRINUSE: address already in use :::3006
    at Server.setupListenHandle [as _listen2] (node:net:2009:16)
    at listenInCluster (node:net:2066:12)
    at Server.listen (node:net:2171:7)
    at app.listen (C:\Code\beyond\node_modules\express\lib\application.js:635:24)
    at file:///C:/Code/beyond/src/onboarding/server.js:1435:7
    at ModuleJob.run (node:internal/modules/esm/module_job:439:25)
    at process.processTicksAndRejections (node:internal/process/task_queues:104:5)
    at async node:internal/modules/esm/loader:643:26
    at async asyncRunEntryPointWithESMLoader (node:internal/modules/run_main:101:5)
Emitted 'error' event on Server instance at:
    at emitErrorNT (node:net:2045:8)
    at process.processTicksAndRejections (node:internal/process/task_queues:90:21) {
  code: 'EADDRINUSE',
  errno: -4091,
  syscall: 'listen',
  address: '::',
  port: 3006
}

Node.js v24.18.0
Failed running 'src/onboarding/server.js'. Waiting for file changes before restarting...
Restarting 'src/onboarding/server.js'
node:events:487
      throw er; // Unhandled 'error' event
      ^

Error: listen EADDRINUSE: address already in use :::3006
    at Server.setupListenHandle [as _listen2] (node:net:2009:16)
    at listenInCluster (node:net:2066:12)
    at Server.listen (node:net:2171:7)
    at app.listen (C:\Code\beyond\node_modules\express\lib\application.js:635:24)
    at file:///C:/Code/beyond/src/onboarding/server.js:1440:7
    at ModuleJob.run (node:internal/modules/esm/module_job:439:25)
    at process.processTicksAndRejections (node:internal/process/task_queues:104:5)
    at async node:internal/modules/esm/loader:643:26
    at async asyncRunEntryPointWithESMLoader (node:internal/modules/run_main:101:5)
Emitted 'error' event on Server instance at:
    at emitErrorNT (node:net:2045:8)
    at process.processTicksAndRejections (node:internal/process/task_queues:90:21) {
  code: 'EADDRINUSE',
  errno: -4091,
  syscall: 'listen',
  address: '::',
  port: 3006
}

Node.js v24.18.0
Failed running 'src/onboarding/server.js'. Waiting for file changes before restarting...
Restarting 'src/onboarding/server.js'
node:events:487
      throw er; // Unhandled 'error' event
      ^

Error: listen EADDRINUSE: address already in use :::3006
    at Server.setupListenHandle [as _listen2] (node:net:2009:16)
    at listenInCluster (node:net:2066:12)
    at Server.listen (node:net:2171:7)
    at app.listen (C:\Code\beyond\node_modules\express\lib\application.js:635:24)
    at file:///C:/Code/beyond/src/onboarding/server.js:1446:7
    at ModuleJob.run (node:internal/modules/esm/module_job:439:25)
    at process.processTicksAndRejections (node:internal/process/task_queues:104:5)
    at async node:internal/modules/esm/loader:643:26
    at async asyncRunEntryPointWithESMLoader (node:internal/modules/run_main:101:5)
Emitted 'error' event on Server instance at:
    at emitErrorNT (node:net:2045:8)
    at process.processTicksAndRejections (node:internal/process/task_queues:90:21) {
  code: 'EADDRINUSE',
  errno: -4091,
  syscall: 'listen',
  address: '::',
  port: 3006
}

Node.js v24.18.0
Failed running 'src/onboarding/server.js'. Waiting for file changes before restarting...
Restarting 'src/onboarding/server.js'
node:events:487
      throw er; // Unhandled 'error' event
      ^

Error: listen EADDRINUSE: address already in use :::3006
    at Server.setupListenHandle [as _listen2] (node:net:2009:16)
    at listenInCluster (node:net:2066:12)
    at Server.listen (node:net:2171:7)
    at app.listen (C:\Code\beyond\node_modules\express\lib\application.js:635:24)
    at file:///C:/Code/beyond/src/onboarding/server.js:1460:7
    at ModuleJob.run (node:internal/modules/esm/module_job:439:25)
    at process.processTicksAndRejections (node:internal/process/task_queues:104:5)
    at async node:internal/modules/esm/loader:643:26
    at async asyncRunEntryPointWithESMLoader (node:internal/modules/run_main:101:5)
Emitted 'error' event on Server instance at:
    at emitErrorNT (node:net:2045:8)
    at process.processTicksAndRejections (node:internal/process/task_queues:90:21) {
  code: 'EADDRINUSE',
  errno: -4091,
  syscall: 'listen',
  address: '::',
  port: 3006
}

Node.js v24.18.0
Failed running 'src/onboarding/server.js'. Waiting for file changes before restarting...
Restarting 'src/onboarding/server.js'
node:events:487
      throw er; // Unhandled 'error' event
      ^

Error: listen EADDRINUSE: address already in use :::3006
    at Server.setupListenHandle [as _listen2] (node:net:2009:16)
    at listenInCluster (node:net:2066:12)
    at Server.listen (node:net:2171:7)
    at app.listen (C:\Code\beyond\node_modules\express\lib\application.js:635:24)
    at file:///C:/Code/beyond/src/onboarding/server.js:1460:7
    at ModuleJob.run (node:internal/modules/esm/module_job:439:25)
    at process.processTicksAndRejections (node:internal/process/task_queues:104:5)
    at async node:internal/modules/esm/loader:643:26
    at async asyncRunEntryPointWithESMLoader (node:internal/modules/run_main:101:5)
Emitted 'error' event on Server instance at:
    at emitErrorNT (node:net:2045:8)
    at process.processTicksAndRejections (node:internal/process/task_queues:90:21) {
  code: 'EADDRINUSE',
  errno: -4091,
  syscall: 'listen',
  address: '::',
  port: 3006
}

Node.js v24.18.0
Failed running 'src/onboarding/server.js'. Waiting for file changes before restarting...
Restarting 'src/onboarding/server.js'
node:events:487
      throw er; // Unhandled 'error' event
      ^

Error: listen EADDRINUSE: address already in use :::3006
    at Server.setupListenHandle [as _listen2] (node:net:2009:16)
    at listenInCluster (node:net:2066:12)
    at Server.listen (node:net:2171:7)
    at app.listen (C:\Code\beyond\node_modules\express\lib\application.js:635:24)
    at file:///C:/Code/beyond/src/onboarding/server.js:1461:7
    at ModuleJob.run (node:internal/modules/esm/module_job:439:25)
    at process.processTicksAndRejections (node:internal/process/task_queues:104:5)
    at async node:internal/modules/esm/loader:643:26
    at async asyncRunEntryPointWithESMLoader (node:internal/modules/run_main:101:5)
Emitted 'error' event on Server instance at:
    at emitErrorNT (node:net:2045:8)
    at process.processTicksAndRejections (node:internal/process/task_queues:90:21) {
  code: 'EADDRINUSE',
  errno: -4091,
  syscall: 'listen',
  address: '::',
  port: 3006
}

Node.js v24.18.0
Failed running 'src/onboarding/server.js'. Waiting for file changes before restarting...
Restarting 'src/onboarding/server.js'
node:events:487
      throw er; // Unhandled 'error' event
      ^

Error: listen EADDRINUSE: address already in use :::3006
    at Server.setupListenHandle [as _listen2] (node:net:2009:16)
    at listenInCluster (node:net:2066:12)
    at Server.listen (node:net:2171:7)
    at app.listen (C:\Code\beyond\node_modules\express\lib\application.js:635:24)
    at file:///C:/Code/beyond/src/onboarding/server.js:1462:7
    at ModuleJob.run (node:internal/modules/esm/module_job:439:25)
    at process.processTicksAndRejections (node:internal/process/task_queues:104:5)
    at async node:internal/modules/esm/loader:643:26
    at async asyncRunEntryPointWithESMLoader (node:internal/modules/run_main:101:5)
Emitted 'error' event on Server instance at:
    at emitErrorNT (node:net:2045:8)
    at process.processTicksAndRejections (node:internal/process/task_queues:90:21) {
  code: 'EADDRINUSE',
  errno: -4091,
  syscall: 'listen',
  address: '::',
  port: 3006
}

Node.js v24.18.0
Failed running 'src/onboarding/server.js'. Waiting for file changes before restarting...
Restarting 'src/onboarding/server.js'
node:events:487
      throw er; // Unhandled 'error' event
      ^

Error: listen EADDRINUSE: address already in use :::3006
    at Server.setupListenHandle [as _listen2] (node:net:2009:16)
    at listenInCluster (node:net:2066:12)
    at Server.listen (node:net:2171:7)
    at app.listen (C:\Code\beyond\node_modules\express\lib\application.js:635:24)
    at file:///C:/Code/beyond/src/onboarding/server.js:1462:7
    at ModuleJob.run (node:internal/modules/esm/module_job:439:25)
    at process.processTicksAndRejections (node:internal/process/task_queues:104:5)
    at async node:internal/modules/esm/loader:643:26
    at async asyncRunEntryPointWithESMLoader (node:internal/modules/run_main:101:5)
Emitted 'error' event on Server instance at:
    at emitErrorNT (node:net:2045:8)
    at process.processTicksAndRejections (node:internal/process/task_queues:90:21) {
  code: 'EADDRINUSE',
  errno: -4091,
  syscall: 'listen',
  address: '::',
  port: 3006
}

Node.js v24.18.0
Failed running 'src/onboarding/server.js'. Waiting for file changes before restarting...
Restarting 'src/onboarding/server.js'
node:events:487
      throw er; // Unhandled 'error' event
      ^

Error: listen EADDRINUSE: address already in use :::3006
    at Server.setupListenHandle [as _listen2] (node:net:2009:16)
    at listenInCluster (node:net:2066:12)
    at Server.listen (node:net:2171:7)
    at app.listen (C:\Code\beyond\node_modules\express\lib\application.js:635:24)
    at file:///C:/Code/beyond/src/onboarding/server.js:1469:7
    at ModuleJob.run (node:internal/modules/esm/module_job:439:25)
    at process.processTicksAndRejections (node:internal/process/task_queues:104:5)
    at async node:internal/modules/esm/loader:643:26
    at async asyncRunEntryPointWithESMLoader (node:internal/modules/run_main:101:5)
Emitted 'error' event on Server instance at:
    at emitErrorNT (node:net:2045:8)
    at process.processTicksAndRejections (node:internal/process/task_queues:90:21) {
  code: 'EADDRINUSE',
  errno: -4091,
  syscall: 'listen',
  address: '::',
  port: 3006
}

Node.js v24.18.0
Failed running 'src/onboarding/server.js'. Waiting for file changes before restarting...
Restarting 'src/onboarding/server.js'
node:events:487
      throw er; // Unhandled 'error' event
      ^

Error: listen EADDRINUSE: address already in use :::3006
    at Server.setupListenHandle [as _listen2] (node:net:2009:16)
    at listenInCluster (node:net:2066:12)
    at Server.listen (node:net:2171:7)
    at app.listen (C:\Code\beyond\node_modules\express\lib\application.js:635:24)
    at file:///C:/Code/beyond/src/onboarding/server.js:1469:7
    at ModuleJob.run (node:internal/modules/esm/module_job:439:25)
    at process.processTicksAndRejections (node:internal/process/task_queues:104:5)
    at async node:internal/modules/esm/loader:643:26
    at async asyncRunEntryPointWithESMLoader (node:internal/modules/run_main:101:5)
Emitted 'error' event on Server instance at:
    at emitErrorNT (node:net:2045:8)
    at process.processTicksAndRejections (node:internal/process/task_queues:90:21) {
  code: 'EADDRINUSE',
  errno: -4091,
  syscall: 'listen',
  address: '::',
  port: 3006
}

Node.js v24.18.0
Failed running 'src/onboarding/server.js'. Waiting for file changes before restarting...
Restarting 'src/onboarding/server.js'
node:events:487
      throw er; // Unhandled 'error' event
      ^

Error: listen EADDRINUSE: address already in use :::3006
    at Server.setupListenHandle [as _listen2] (node:net:2009:16)
    at listenInCluster (node:net:2066:12)
    at Server.listen (node:net:2171:7)
    at app.listen (C:\Code\beyond\node_modules\express\lib\application.js:635:24)
    at file:///C:/Code/beyond/src/onboarding/server.js:1469:7
    at ModuleJob.run (node:internal/modules/esm/module_job:439:25)
    at process.processTicksAndRejections (node:internal/process/task_queues:104:5)
    at async node:internal/modules/esm/loader:643:26
    at async asyncRunEntryPointWithESMLoader (node:internal/modules/run_main:101:5)
Emitted 'error' event on Server instance at:
    at emitErrorNT (node:net:2045:8)
    at process.processTicksAndRejections (node:internal/process/task_queues:90:21) {
  code: 'EADDRINUSE',
  errno: -4091,
  syscall: 'listen',
  address: '::',
  port: 3006
}

Node.js v24.18.0
Failed running 'src/onboarding/server.js'. Waiting for file changes before restarting...
Restarting 'src/onboarding/server.js'
node:events:487
      throw er; // Unhandled 'error' event
      ^

Error: listen EADDRINUSE: address already in use :::3006
    at Server.setupListenHandle [as _listen2] (node:net:2009:16)
    at listenInCluster (node:net:2066:12)
    at Server.listen (node:net:2171:7)
    at app.listen (C:\Code\beyond\node_modules\express\lib\application.js:635:24)
    at file:///C:/Code/beyond/src/onboarding/server.js:1461:7
    at ModuleJob.run (node:internal/modules/esm/module_job:439:25)
    at process.processTicksAndRejections (node:internal/process/task_queues:104:5)
    at async node:internal/modules/esm/loader:643:26
    at async asyncRunEntryPointWithESMLoader (node:internal/modules/run_main:101:5)
Emitted 'error' event on Server instance at:
    at emitErrorNT (node:net:2045:8)
    at process.processTicksAndRejections (node:internal/process/task_queues:90:21) {
  code: 'EADDRINUSE',
  errno: -4091,
  syscall: 'listen',
  address: '::',
  port: 3006
}

Node.js v24.18.0
Failed running 'src/onboarding/server.js'. Waiting for file changes before restarting...
Restarting 'src/onboarding/server.js'
node:events:487
      throw er; // Unhandled 'error' event
      ^

Error: listen EADDRINUSE: address already in use :::3006
    at Server.setupListenHandle [as _listen2] (node:net:2009:16)
    at listenInCluster (node:net:2066:12)
    at Server.listen (node:net:2171:7)
    at app.listen (C:\Code\beyond\node_modules\express\lib\application.js:635:24)
    at file:///C:/Code/beyond/src/onboarding/server.js:1470:7
    at ModuleJob.run (node:internal/modules/esm/module_job:439:25)
    at process.processTicksAndRejections (node:internal/process/task_queues:104:5)
    at async node:internal/modules/esm/loader:643:26
    at async asyncRunEntryPointWithESMLoader (node:internal/modules/run_main:101:5)
Emitted 'error' event on Server instance at:
    at emitErrorNT (node:net:2045:8)
    at process.processTicksAndRejections (node:internal/process/task_queues:90:21) {
  code: 'EADDRINUSE',
  errno: -4091,
  syscall: 'listen',
  address: '::',
  port: 3006
}

Node.js v24.18.0
Failed running 'src/onboarding/server.js'. Waiting for file changes before restarting...
Restarting 'src/onboarding/server.js'
node:events:487
      throw er; // Unhandled 'error' event
      ^

Error: listen EADDRINUSE: address already in use :::3006
    at Server.setupListenHandle [as _listen2] (node:net:2009:16)
    at listenInCluster (node:net:2066:12)
    at Server.listen (node:net:2171:7)
    at app.listen (C:\Code\beyond\node_modules\express\lib\application.js:635:24)
    at file:///C:/Code/beyond/src/onboarding/server.js:1479:7
    at ModuleJob.run (node:internal/modules/esm/module_job:439:25)
    at process.processTicksAndRejections (node:internal/process/task_queues:104:5)
    at async node:internal/modules/esm/loader:643:26
    at async asyncRunEntryPointWithESMLoader (node:internal/modules/run_main:101:5)
Emitted 'error' event on Server instance at:
    at emitErrorNT (node:net:2045:8)
    at process.processTicksAndRejections (node:internal/process/task_queues:90:21) {
  code: 'EADDRINUSE',
  errno: -4091,
  syscall: 'listen',
  address: '::',
  port: 3006
}

Node.js v24.18.0
Failed running 'src/onboarding/server.js'. Waiting for file changes before restarting...
Restarting 'src/onboarding/server.js'
node:events:487
      throw er; // Unhandled 'error' event
      ^

Error: listen EADDRINUSE: address already in use :::3006
    at Server.setupListenHandle [as _listen2] (node:net:2009:16)
    at listenInCluster (node:net:2066:12)
    at Server.listen (node:net:2171:7)
    at app.listen (C:\Code\beyond\node_modules\express\lib\application.js:635:24)
    at file:///C:/Code/beyond/src/onboarding/server.js:1489:7
    at ModuleJob.run (node:internal/modules/esm/module_job:439:25)
    at process.processTicksAndRejections (node:internal/process/task_queues:104:5)
    at async node:internal/modules/esm/loader:643:26
    at async asyncRunEntryPointWithESMLoader (node:internal/modules/run_main:101:5)
Emitted 'error' event on Server instance at:
    at emitErrorNT (node:net:2045:8)
    at process.processTicksAndRejections (node:internal/process/task_queues:90:21) {
  code: 'EADDRINUSE',
  errno: -4091,
  syscall: 'listen',
  address: '::',
  port: 3006
}

Node.js v24.18.0
Failed running 'src/onboarding/server.js'. Waiting for file changes before restarting...
Restarting 'src/onboarding/server.js'
Restarting 'src/onboarding/server.js'
node:events:487
      throw er; // Unhandled 'error' event
      ^

Error: listen EADDRINUSE: address already in use :::3006
    at Server.setupListenHandle [as _listen2] (node:net:2009:16)
    at listenInCluster (node:net:2066:12)
    at Server.listen (node:net:2171:7)
    at app.listen (C:\Code\beyond\node_modules\express\lib\application.js:635:24)
    at file:///C:/Code/beyond/src/onboarding/server.js:1512:7
    at ModuleJob.run (node:internal/modules/esm/module_job:439:25)
    at process.processTicksAndRejections (node:internal/process/task_queues:104:5)
    at async node:internal/modules/esm/loader:643:26
    at async asyncRunEntryPointWithESMLoader (node:internal/modules/run_main:101:5)
Emitted 'error' event on Server instance at:
    at emitErrorNT (node:net:2045:8)
    at process.processTicksAndRejections (node:internal/process/task_queues:90:21) {
  code: 'EADDRINUSE',
  errno: -4091,
  syscall: 'listen',
  address: '::',
  port: 3006
}

Node.js v24.18.0
Failed running 'src/onboarding/server.js'. Waiting for file changes before restarting...
Restarting 'src/onboarding/server.js'
node:events:487
      throw er; // Unhandled 'error' event
      ^

Error: listen EADDRINUSE: address already in use :::3006
    at Server.setupListenHandle [as _listen2] (node:net:2009:16)
    at listenInCluster (node:net:2066:12)
    at Server.listen (node:net:2171:7)
    at app.listen (C:\Code\beyond\node_modules\express\lib\application.js:635:24)
    at file:///C:/Code/beyond/src/onboarding/server.js:1512:7
    at ModuleJob.run (node:internal/modules/esm/module_job:439:25)
    at process.processTicksAndRejections (node:internal/process/task_queues:104:5)
    at async node:internal/modules/esm/loader:643:26
    at async asyncRunEntryPointWithESMLoader (node:internal/modules/run_main:101:5)
Emitted 'error' event on Server instance at:
    at emitErrorNT (node:net:2045:8)
    at process.processTicksAndRejections (node:internal/process/task_queues:90:21) {
  code: 'EADDRINUSE',
  errno: -4091,
  syscall: 'listen',
  address: '::',
  port: 3006
}

Node.js v24.18.0
Failed running 'src/onboarding/server.js'. Waiting for file changes before restarting...
Restarting 'src/onboarding/server.js'
node:events:487
      throw er; // Unhandled 'error' event
      ^

Error: listen EADDRINUSE: address already in use :::3006
    at Server.setupListenHandle [as _listen2] (node:net:2009:16)
    at listenInCluster (node:net:2066:12)
    at Server.listen (node:net:2171:7)
    at app.listen (C:\Code\beyond\node_modules\express\lib\application.js:635:24)
    at file:///C:/Code/beyond/src/onboarding/server.js:1512:7
    at ModuleJob.run (node:internal/modules/esm/module_job:439:25)
    at process.processTicksAndRejections (node:internal/process/task_queues:104:5)
    at async node:internal/modules/esm/loader:643:26
    at async asyncRunEntryPointWithESMLoader (node:internal/modules/run_main:101:5)
Emitted 'error' event on Server instance at:
    at emitErrorNT (node:net:2045:8)
    at process.processTicksAndRejections (node:internal/process/task_queues:90:21) {
  code: 'EADDRINUSE',
  errno: -4091,
  syscall: 'listen',
  address: '::',
  port: 3006
}

Node.js v24.18.0
Failed running 'src/onboarding/server.js'. Waiting for file changes before restarting...
Restarting 'src/onboarding/server.js'
node:events:487
      throw er; // Unhandled 'error' event
      ^

Error: listen EADDRINUSE: address already in use :::3006
    at Server.setupListenHandle [as _listen2] (node:net:2009:16)
    at listenInCluster (node:net:2066:12)
    at Server.listen (node:net:2171:7)
    at app.listen (C:\Code\beyond\node_modules\express\lib\application.js:635:24)
    at file:///C:/Code/beyond/src/onboarding/server.js:1512:7
    at ModuleJob.run (node:internal/modules/esm/module_job:439:25)
    at process.processTicksAndRejections (node:internal/process/task_queues:104:5)
    at async node:internal/modules/esm/loader:643:26
    at async asyncRunEntryPointWithESMLoader (node:internal/modules/run_main:101:5)
Emitted 'error' event on Server instance at:
    at emitErrorNT (node:net:2045:8)
    at process.processTicksAndRejections (node:internal/process/task_queues:90:21) {
  code: 'EADDRINUSE',
  errno: -4091,
  syscall: 'listen',
  address: '::',
  port: 3006
}

Node.js v24.18.0
Failed running 'src/onboarding/server.js'. Waiting for file changes before restarting...
Restarting 'src/onboarding/server.js'
node:events:487
      throw er; // Unhandled 'error' event
      ^

Error: listen EADDRINUSE: address already in use :::3006
    at Server.setupListenHandle [as _listen2] (node:net:2009:16)
    at listenInCluster (node:net:2066:12)
    at Server.listen (node:net:2171:7)
    at app.listen (C:\Code\beyond\node_modules\express\lib\application.js:635:24)
    at file:///C:/Code/beyond/src/onboarding/server.js:1512:7
    at ModuleJob.run (node:internal/modules/esm/module_job:439:25)
    at process.processTicksAndRejections (node:internal/process/task_queues:104:5)
    at async node:internal/modules/esm/loader:643:26
    at async asyncRunEntryPointWithESMLoader (node:internal/modules/run_main:101:5)
Emitted 'error' event on Server instance at:
    at emitErrorNT (node:net:2045:8)
    at process.processTicksAndRejections (node:internal/process/task_queues:90:21) {
  code: 'EADDRINUSE',
  errno: -4091,
  syscall: 'listen',
  address: '::',
  port: 3006
}

Node.js v24.18.0
Failed running 'src/onboarding/server.js'. Waiting for file changes before restarting...
Restarting 'src/onboarding/server.js'
node:events:487
      throw er; // Unhandled 'error' event
      ^

Error: listen EADDRINUSE: address already in use :::3006
    at Server.setupListenHandle [as _listen2] (node:net:2009:16)
    at listenInCluster (node:net:2066:12)
    at Server.listen (node:net:2171:7)
    at app.listen (C:\Code\beyond\node_modules\express\lib\application.js:635:24)
    at file:///C:/Code/beyond/src/onboarding/server.js:1512:7
    at ModuleJob.run (node:internal/modules/esm/module_job:439:25)
    at process.processTicksAndRejections (node:internal/process/task_queues:104:5)
    at async node:internal/modules/esm/loader:643:26
    at async asyncRunEntryPointWithESMLoader (node:internal/modules/run_main:101:5)
Emitted 'error' event on Server instance at:
    at emitErrorNT (node:net:2045:8)
    at process.processTicksAndRejections (node:internal/process/task_queues:90:21) {
  code: 'EADDRINUSE',
  errno: -4091,
  syscall: 'listen',
  address: '::',
  port: 3006
}

Node.js v24.18.0
Failed running 'src/onboarding/server.js'. Waiting for file changes before restarting...
Restarting 'src/onboarding/server.js'
node:events:487
      throw er; // Unhandled 'error' event
      ^

Error: listen EADDRINUSE: address already in use :::3006
    at Server.setupListenHandle [as _listen2] (node:net:2009:16)
    at listenInCluster (node:net:2066:12)
    at Server.listen (node:net:2171:7)
    at app.listen (C:\Code\beyond\node_modules\express\lib\application.js:635:24)
    at file:///C:/Code/beyond/src/onboarding/server.js:1512:7
    at ModuleJob.run (node:internal/modules/esm/module_job:439:25)
    at process.processTicksAndRejections (node:internal/process/task_queues:104:5)
    at async node:internal/modules/esm/loader:643:26
    at async asyncRunEntryPointWithESMLoader (node:internal/modules/run_main:101:5)
Emitted 'error' event on Server instance at:
    at emitErrorNT (node:net:2045:8)
    at process.processTicksAndRejections (node:internal/process/task_queues:90:21) {
  code: 'EADDRINUSE',
  errno: -4091,
  syscall: 'listen',
  address: '::',
  port: 3006
}

Node.js v24.18.0
Failed running 'src/onboarding/server.js'. Waiting for file changes before restarting...
Restarting 'src/onboarding/server.js'
Restarting 'src/onboarding/server.js'
node:events:487
      throw er; // Unhandled 'error' event
      ^

Error: listen EADDRINUSE: address already in use :::3006
    at Server.setupListenHandle [as _listen2] (node:net:2009:16)
    at listenInCluster (node:net:2066:12)
    at Server.listen (node:net:2171:7)
    at app.listen (C:\Code\beyond\node_modules\express\lib\application.js:635:24)
    at file:///C:/Code/beyond/src/onboarding/server.js:1512:7
    at ModuleJob.run (node:internal/modules/esm/module_job:439:25)
    at process.processTicksAndRejections (node:internal/process/task_queues:104:5)
    at async node:internal/modules/esm/loader:643:26
    at async asyncRunEntryPointWithESMLoader (node:internal/modules/run_main:101:5)
Emitted 'error' event on Server instance at:
    at emitErrorNT (node:net:2045:8)
    at process.processTicksAndRejections (node:internal/process/task_queues:90:21) {
  code: 'EADDRINUSE',
  errno: -4091,
  syscall: 'listen',
  address: '::',
  port: 3006
}

Node.js v24.18.0
Failed running 'src/onboarding/server.js'. Waiting for file changes before restarting...
Restarting 'src/onboarding/server.js'
node:events:487
      throw er; // Unhandled 'error' event
      ^

Error: listen EADDRINUSE: address already in use :::3006
    at Server.setupListenHandle [as _listen2] (node:net:2009:16)
    at listenInCluster (node:net:2066:12)
    at Server.listen (node:net:2171:7)
    at app.listen (C:\Code\beyond\node_modules\express\lib\application.js:635:24)
    at file:///C:/Code/beyond/src/onboarding/server.js:1512:7
    at ModuleJob.run (node:internal/modules/esm/module_job:439:25)
    at process.processTicksAndRejections (node:internal/process/task_queues:104:5)
    at async node:internal/modules/esm/loader:643:26
    at async asyncRunEntryPointWithESMLoader (node:internal/modules/run_main:101:5)
Emitted 'error' event on Server instance at:
    at emitErrorNT (node:net:2045:8)
    at process.processTicksAndRejections (node:internal/process/task_queues:90:21) {
  code: 'EADDRINUSE',
  errno: -4091,
  syscall: 'listen',
  address: '::',
  port: 3006
}

Node.js v24.18.0
Failed running 'src/onboarding/server.js'. Waiting for file changes before restarting...
Restarting 'src/onboarding/server.js'
Restarting 'src/onboarding/server.js'
node:events:487
      throw er; // Unhandled 'error' event
      ^

Error: listen EADDRINUSE: address already in use :::3006
    at Server.setupListenHandle [as _listen2] (node:net:2009:16)
    at listenInCluster (node:net:2066:12)
    at Server.listen (node:net:2171:7)
    at app.listen (C:\Code\beyond\node_modules\express\lib\application.js:635:24)
    at file:///C:/Code/beyond/src/onboarding/server.js:1512:7
    at ModuleJob.run (node:internal/modules/esm/module_job:439:25)
    at process.processTicksAndRejections (node:internal/process/task_queues:104:5)
    at async node:internal/modules/esm/loader:643:26
    at async asyncRunEntryPointWithESMLoader (node:internal/modules/run_main:101:5)
Emitted 'error' event on Server instance at:
    at emitErrorNT (node:net:2045:8)
    at process.processTicksAndRejections (node:internal/process/task_queues:90:21) {
  code: 'EADDRINUSE',
  errno: -4091,
  syscall: 'listen',
  address: '::',
  port: 3006
}

Node.js v24.18.0
Failed running 'src/onboarding/server.js'. Waiting for file changes before restarting...
Restarting 'src/onboarding/server.js'
node:events:487
      throw er; // Unhandled 'error' event
      ^

Error: listen EADDRINUSE: address already in use :::3006
    at Server.setupListenHandle [as _listen2] (node:net:2009:16)
    at listenInCluster (node:net:2066:12)
    at Server.listen (node:net:2171:7)
    at app.listen (C:\Code\beyond\node_modules\express\lib\application.js:635:24)
    at file:///C:/Code/beyond/src/onboarding/server.js:1512:7
    at ModuleJob.run (node:internal/modules/esm/module_job:439:25)
    at process.processTicksAndRejections (node:internal/process/task_queues:104:5)
    at async node:internal/modules/esm/loader:643:26
    at async asyncRunEntryPointWithESMLoader (node:internal/modules/run_main:101:5)
Emitted 'error' event on Server instance at:
    at emitErrorNT (node:net:2045:8)
    at process.processTicksAndRejections (node:internal/process/task_queues:90:21) {
  code: 'EADDRINUSE',
  errno: -4091,
  syscall: 'listen',
  address: '::',
  port: 3006
}

Node.js v24.18.0
Failed running 'src/onboarding/server.js'. Waiting for file changes before restarting...
Restarting 'src/onboarding/server.js'
node:events:487
      throw er; // Unhandled 'error' event
      ^

Error: listen EADDRINUSE: address already in use :::3006
    at Server.setupListenHandle [as _listen2] (node:net:2009:16)
    at listenInCluster (node:net:2066:12)
    at Server.listen (node:net:2171:7)
    at app.listen (C:\Code\beyond\node_modules\express\lib\application.js:635:24)
    at file:///C:/Code/beyond/src/onboarding/server.js:1512:7
    at ModuleJob.run (node:internal/modules/esm/module_job:439:25)
    at process.processTicksAndRejections (node:internal/process/task_queues:104:5)
    at async node:internal/modules/esm/loader:643:26
    at async asyncRunEntryPointWithESMLoader (node:internal/modules/run_main:101:5)
Emitted 'error' event on Server instance at:
    at emitErrorNT (node:net:2045:8)
    at process.processTicksAndRejections (node:internal/process/task_queues:90:21) {
  code: 'EADDRINUSE',
  errno: -4091,
  syscall: 'listen',
  address: '::',
  port: 3006
}

Node.js v24.18.0
Failed running 'src/onboarding/server.js'. Waiting for file changes before restarting...
Restarting 'src/onboarding/server.js'
Restarting 'src/onboarding/server.js'
node:events:487
      throw er; // Unhandled 'error' event
      ^

Error: listen EADDRINUSE: address already in use :::3006
    at Server.setupListenHandle [as _listen2] (node:net:2009:16)
    at listenInCluster (node:net:2066:12)
    at Server.listen (node:net:2171:7)
    at app.listen (C:\Code\beyond\node_modules\express\lib\application.js:635:24)
    at file:///C:/Code/beyond/src/onboarding/server.js:1512:7
    at ModuleJob.run (node:internal/modules/esm/module_job:439:25)
    at process.processTicksAndRejections (node:internal/process/task_queues:104:5)
    at async node:internal/modules/esm/loader:643:26
    at async asyncRunEntryPointWithESMLoader (node:internal/modules/run_main:101:5)
Emitted 'error' event on Server instance at:
    at emitErrorNT (node:net:2045:8)
    at process.processTicksAndRejections (node:internal/process/task_queues:90:21) {
  code: 'EADDRINUSE',
  errno: -4091,
  syscall: 'listen',
  address: '::',
  port: 3006
}

Node.js v24.18.0
Failed running 'src/onboarding/server.js'. Waiting for file changes before restarting...
Restarting 'src/onboarding/server.js'
node:events:487
      throw er; // Unhandled 'error' event
      ^

Error: listen EADDRINUSE: address already in use :::3006
    at Server.setupListenHandle [as _listen2] (node:net:2009:16)
    at listenInCluster (node:net:2066:12)
    at Server.listen (node:net:2171:7)
    at app.listen (C:\Code\beyond\node_modules\express\lib\application.js:635:24)
    at file:///C:/Code/beyond/src/onboarding/server.js:1512:7
    at ModuleJob.run (node:internal/modules/esm/module_job:439:25)
    at process.processTicksAndRejections (node:internal/process/task_queues:104:5)
    at async node:internal/modules/esm/loader:643:26
    at async asyncRunEntryPointWithESMLoader (node:internal/modules/run_main:101:5)
Emitted 'error' event on Server instance at:
    at emitErrorNT (node:net:2045:8)
    at process.processTicksAndRejections (node:internal/process/task_queues:90:21) {
  code: 'EADDRINUSE',
  errno: -4091,
  syscall: 'listen',
  address: '::',
  port: 3006
}

Node.js v24.18.0
Failed running 'src/onboarding/server.js'. Waiting for file changes before restarting...
Restarting 'src/onboarding/server.js'
node:events:487
      throw er; // Unhandled 'error' event
      ^

Error: listen EADDRINUSE: address already in use :::3006
    at Server.setupListenHandle [as _listen2] (node:net:2009:16)
    at listenInCluster (node:net:2066:12)
    at Server.listen (node:net:2171:7)
    at app.listen (C:\Code\beyond\node_modules\express\lib\application.js:635:24)
    at file:///C:/Code/beyond/src/onboarding/server.js:1512:7
    at ModuleJob.run (node:internal/modules/esm/module_job:439:25)
    at process.processTicksAndRejections (node:internal/process/task_queues:104:5)
    at async node:internal/modules/esm/loader:643:26
    at async asyncRunEntryPointWithESMLoader (node:internal/modules/run_main:101:5)
Emitted 'error' event on Server instance at:
    at emitErrorNT (node:net:2045:8)
    at process.processTicksAndRejections (node:internal/process/task_queues:90:21) {
  code: 'EADDRINUSE',
  errno: -4091,
  syscall: 'listen',
  address: '::',
  port: 3006
}

Node.js v24.18.0
Failed running 'src/onboarding/server.js'. Waiting for file changes before restarting...
Restarting 'src/onboarding/server.js'
Restarting 'src/onboarding/server.js'
node:events:487
      throw er; // Unhandled 'error' event
      ^

Error: listen EADDRINUSE: address already in use :::3006
    at Server.setupListenHandle [as _listen2] (node:net:2009:16)
    at listenInCluster (node:net:2066:12)
    at Server.listen (node:net:2171:7)
    at app.listen (C:\Code\beyond\node_modules\express\lib\application.js:635:24)
    at file:///C:/Code/beyond/src/onboarding/server.js:1512:7
    at ModuleJob.run (node:internal/modules/esm/module_job:439:25)
    at process.processTicksAndRejections (node:internal/process/task_queues:104:5)
    at async node:internal/modules/esm/loader:643:26
    at async asyncRunEntryPointWithESMLoader (node:internal/modules/run_main:101:5)
Emitted 'error' event on Server instance at:
    at emitErrorNT (node:net:2045:8)
    at process.processTicksAndRejections (node:internal/process/task_queues:90:21) {
  code: 'EADDRINUSE',
  errno: -4091,
  syscall: 'listen',
  address: '::',
  port: 3006
}

Node.js v24.18.0
Failed running 'src/onboarding/server.js'. Waiting for file changes before restarting...
Restarting 'src/onboarding/server.js'
node:events:487
      throw er; // Unhandled 'error' event
      ^

Error: listen EADDRINUSE: address already in use :::3006
    at Server.setupListenHandle [as _listen2] (node:net:2009:16)
    at listenInCluster (node:net:2066:12)
    at Server.listen (node:net:2171:7)
    at app.listen (C:\Code\beyond\node_modules\express\lib\application.js:635:24)
    at file:///C:/Code/beyond/src/onboarding/server.js:1512:7
    at ModuleJob.run (node:internal/modules/esm/module_job:439:25)
    at process.processTicksAndRejections (node:internal/process/task_queues:104:5)
    at async node:internal/modules/esm/loader:643:26
    at async asyncRunEntryPointWithESMLoader (node:internal/modules/run_main:101:5)
Emitted 'error' event on Server instance at:
    at emitErrorNT (node:net:2045:8)
    at process.processTicksAndRejections (node:internal/process/task_queues:90:21) {
  code: 'EADDRINUSE',
  errno: -4091,
  syscall: 'listen',
  address: '::',
  port: 3006
}

Node.js v24.18.0
Failed running 'src/onboarding/server.js'. Waiting for file changes before restarting...
Restarting 'src/onboarding/server.js'
node:events:487
      throw er; // Unhandled 'error' event
      ^

Error: listen EADDRINUSE: address already in use :::3006
    at Server.setupListenHandle [as _listen2] (node:net:2009:16)
    at listenInCluster (node:net:2066:12)
    at Server.listen (node:net:2171:7)
    at app.listen (C:\Code\beyond\node_modules\express\lib\application.js:635:24)
    at file:///C:/Code/beyond/src/onboarding/server.js:1512:7
    at ModuleJob.run (node:internal/modules/esm/module_job:439:25)
    at process.processTicksAndRejections (node:internal/process/task_queues:104:5)
    at async node:internal/modules/esm/loader:643:26
    at async asyncRunEntryPointWithESMLoader (node:internal/modules/run_main:101:5)
Emitted 'error' event on Server instance at:
    at emitErrorNT (node:net:2045:8)
    at process.processTicksAndRejections (node:internal/process/task_queues:90:21) {
  code: 'EADDRINUSE',
  errno: -4091,
  syscall: 'listen',
  address: '::',
  port: 3006
}

Node.js v24.18.0
Failed running 'src/onboarding/server.js'. Waiting for file changes before restarting...
Restarting 'src/onboarding/server.js'
Restarting 'src/onboarding/server.js'
node:events:487
      throw er; // Unhandled 'error' event
      ^

Error: listen EADDRINUSE: address already in use :::3006
    at Server.setupListenHandle [as _listen2] (node:net:2009:16)
    at listenInCluster (node:net:2066:12)
    at Server.listen (node:net:2171:7)
    at app.listen (C:\Code\beyond\node_modules\express\lib\application.js:635:24)
    at file:///C:/Code/beyond/src/onboarding/server.js:1512:7
    at ModuleJob.run (node:internal/modules/esm/module_job:439:25)
    at process.processTicksAndRejections (node:internal/process/task_queues:104:5)
    at async node:internal/modules/esm/loader:643:26
    at async asyncRunEntryPointWithESMLoader (node:internal/modules/run_main:101:5)
Emitted 'error' event on Server instance at:
    at emitErrorNT (node:net:2045:8)
    at process.processTicksAndRejections (node:internal/process/task_queues:90:21) {
  code: 'EADDRINUSE',
  errno: -4091,
  syscall: 'listen',
  address: '::',
  port: 3006
}

Node.js v24.18.0
Failed running 'src/onboarding/server.js'. Waiting for file changes before restarting...
Restarting 'src/onboarding/server.js'
node:events:487
      throw er; // Unhandled 'error' event
      ^

Error: listen EADDRINUSE: address already in use :::3006
    at Server.setupListenHandle [as _listen2] (node:net:2009:16)
    at listenInCluster (node:net:2066:12)
    at Server.listen (node:net:2171:7)
    at app.listen (C:\Code\beyond\node_modules\express\lib\application.js:635:24)
    at file:///C:/Code/beyond/src/onboarding/server.js:1512:7
    at ModuleJob.run (node:internal/modules/esm/module_job:439:25)
    at process.processTicksAndRejections (node:internal/process/task_queues:104:5)
    at async node:internal/modules/esm/loader:643:26
    at async asyncRunEntryPointWithESMLoader (node:internal/modules/run_main:101:5)
Emitted 'error' event on Server instance at:
    at emitErrorNT (node:net:2045:8)
    at process.processTicksAndRejections (node:internal/process/task_queues:90:21) {
  code: 'EADDRINUSE',
  errno: -4091,
  syscall: 'listen',
  address: '::',
  port: 3006
}

Node.js v24.18.0
Failed running 'src/onboarding/server.js'. Waiting for file changes before restarting...
Restarting 'src/onboarding/server.js'
node:events:487
      throw er; // Unhandled 'error' event
      ^

Error: listen EADDRINUSE: address already in use :::3006
    at Server.setupListenHandle [as _listen2] (node:net:2009:16)
    at listenInCluster (node:net:2066:12)
    at Server.listen (node:net:2171:7)
    at app.listen (C:\Code\beyond\node_modules\express\lib\application.js:635:24)
    at file:///C:/Code/beyond/src/onboarding/server.js:1512:7
    at ModuleJob.run (node:internal/modules/esm/module_job:439:25)
    at process.processTicksAndRejections (node:internal/process/task_queues:104:5)
    at async node:internal/modules/esm/loader:643:26
    at async asyncRunEntryPointWithESMLoader (node:internal/modules/run_main:101:5)
Emitted 'error' event on Server instance at:
    at emitErrorNT (node:net:2045:8)
    at process.processTicksAndRejections (node:internal/process/task_queues:90:21) {
  code: 'EADDRINUSE',
  errno: -4091,
  syscall: 'listen',
  address: '::',
  port: 3006
}

Node.js v24.18.0
Failed running 'src/onboarding/server.js'. Waiting for file changes before restarting...
Restarting 'src/onboarding/server.js'
Restarting 'src/onboarding/server.js'
node:events:487
      throw er; // Unhandled 'error' event
      ^

Error: listen EADDRINUSE: address already in use :::3006
    at Server.setupListenHandle [as _listen2] (node:net:2009:16)
    at listenInCluster (node:net:2066:12)
    at Server.listen (node:net:2171:7)
    at app.listen (C:\Code\beyond\node_modules\express\lib\application.js:635:24)
    at file:///C:/Code/beyond/src/onboarding/server.js:1512:7
    at ModuleJob.run (node:internal/modules/esm/module_job:439:25)
    at process.processTicksAndRejections (node:internal/process/task_queues:104:5)
    at async node:internal/modules/esm/loader:643:26
    at async asyncRunEntryPointWithESMLoader (node:internal/modules/run_main:101:5)
Emitted 'error' event on Server instance at:
    at emitErrorNT (node:net:2045:8)
    at process.processTicksAndRejections (node:internal/process/task_queues:90:21) {
  code: 'EADDRINUSE',
  errno: -4091,
  syscall: 'listen',
  address: '::',
  port: 3006
}

Node.js v24.18.0
Failed running 'src/onboarding/server.js'. Waiting for file changes before restarting...
Restarting 'src/onboarding/server.js'
node:events:487
      throw er; // Unhandled 'error' event
      ^

Error: listen EADDRINUSE: address already in use :::3006
    at Server.setupListenHandle [as _listen2] (node:net:2009:16)
    at listenInCluster (node:net:2066:12)
    at Server.listen (node:net:2171:7)
    at app.listen (C:\Code\beyond\node_modules\express\lib\application.js:635:24)
    at file:///C:/Code/beyond/src/onboarding/server.js:1512:7
    at ModuleJob.run (node:internal/modules/esm/module_job:439:25)
    at process.processTicksAndRejections (node:internal/process/task_queues:104:5)
    at async node:internal/modules/esm/loader:643:26
    at async asyncRunEntryPointWithESMLoader (node:internal/modules/run_main:101:5)
Emitted 'error' event on Server instance at:
    at emitErrorNT (node:net:2045:8)
    at process.processTicksAndRejections (node:internal/process/task_queues:90:21) {
  code: 'EADDRINUSE',
  errno: -4091,
  syscall: 'listen',
  address: '::',
  port: 3006
}

Node.js v24.18.0
Failed running 'src/onboarding/server.js'. Waiting for file changes before restarting...
Restarting 'src/onboarding/server.js'
node:events:487
      throw er; // Unhandled 'error' event
      ^

Error: listen EADDRINUSE: address already in use :::3006
    at Server.setupListenHandle [as _listen2] (node:net:2009:16)
    at listenInCluster (node:net:2066:12)
    at Server.listen (node:net:2171:7)
    at app.listen (C:\Code\beyond\node_modules\express\lib\application.js:635:24)
    at file:///C:/Code/beyond/src/onboarding/server.js:1512:7
    at ModuleJob.run (node:internal/modules/esm/module_job:439:25)
    at process.processTicksAndRejections (node:internal/process/task_queues:104:5)
    at async node:internal/modules/esm/loader:643:26
    at async asyncRunEntryPointWithESMLoader (node:internal/modules/run_main:101:5)
Emitted 'error' event on Server instance at:
    at emitErrorNT (node:net:2045:8)
    at process.processTicksAndRejections (node:internal/process/task_queues:90:21) {
  code: 'EADDRINUSE',
  errno: -4091,
  syscall: 'listen',
  address: '::',
  port: 3006
}

Node.js v24.18.0
Failed running 'src/onboarding/server.js'. Waiting for file changes before restarting...
Restarting 'src/onboarding/server.js'
Restarting 'src/onboarding/server.js'
node:events:487
      throw er; // Unhandled 'error' event
      ^

Error: listen EADDRINUSE: address already in use :::3006
    at Server.setupListenHandle [as _listen2] (node:net:2009:16)
    at listenInCluster (node:net:2066:12)
    at Server.listen (node:net:2171:7)
    at app.listen (C:\Code\beyond\node_modules\express\lib\application.js:635:24)
    at file:///C:/Code/beyond/src/onboarding/server.js:1512:7
    at ModuleJob.run (node:internal/modules/esm/module_job:439:25)
    at process.processTicksAndRejections (node:internal/process/task_queues:104:5)
    at async node:internal/modules/esm/loader:643:26
    at async asyncRunEntryPointWithESMLoader (node:internal/modules/run_main:101:5)
Emitted 'error' event on Server instance at:
    at emitErrorNT (node:net:2045:8)
    at process.processTicksAndRejections (node:internal/process/task_queues:90:21) {
  code: 'EADDRINUSE',
  errno: -4091,
  syscall: 'listen',
  address: '::',
  port: 3006
}

Node.js v24.18.0
Failed running 'src/onboarding/server.js'. Waiting for file changes before restarting...
Restarting 'src/onboarding/server.js'
node:events:487
      throw er; // Unhandled 'error' event
      ^

Error: listen EADDRINUSE: address already in use :::3006
    at Server.setupListenHandle [as _listen2] (node:net:2009:16)
    at listenInCluster (node:net:2066:12)
    at Server.listen (node:net:2171:7)
    at app.listen (C:\Code\beyond\node_modules\express\lib\application.js:635:24)
    at file:///C:/Code/beyond/src/onboarding/server.js:1512:7
    at ModuleJob.run (node:internal/modules/esm/module_job:439:25)
    at process.processTicksAndRejections (node:internal/process/task_queues:104:5)
    at async node:internal/modules/esm/loader:643:26
    at async asyncRunEntryPointWithESMLoader (node:internal/modules/run_main:101:5)
Emitted 'error' event on Server instance at:
    at emitErrorNT (node:net:2045:8)
    at process.processTicksAndRejections (node:internal/process/task_queues:90:21) {
  code: 'EADDRINUSE',
  errno: -4091,
  syscall: 'listen',
  address: '::',
  port: 3006
}

Node.js v24.18.0
Failed running 'src/onboarding/server.js'. Waiting for file changes before restarting...
Restarting 'src/onboarding/server.js'
node:events:487
      throw er; // Unhandled 'error' event
      ^

Error: listen EADDRINUSE: address already in use :::3006
    at Server.setupListenHandle [as _listen2] (node:net:2009:16)
    at listenInCluster (node:net:2066:12)
    at Server.listen (node:net:2171:7)
    at app.listen (C:\Code\beyond\node_modules\express\lib\application.js:635:24)
    at file:///C:/Code/beyond/src/onboarding/server.js:1512:7
    at ModuleJob.run (node:internal/modules/esm/module_job:439:25)
    at process.processTicksAndRejections (node:internal/process/task_queues:104:5)
    at async node:internal/modules/esm/loader:643:26
    at async asyncRunEntryPointWithESMLoader (node:internal/modules/run_main:101:5)
Emitted 'error' event on Server instance at:
    at emitErrorNT (node:net:2045:8)
    at process.processTicksAndRejections (node:internal/process/task_queues:90:21) {
  code: 'EADDRINUSE',
  errno: -4091,
  syscall: 'listen',
  address: '::',
  port: 3006
}

Node.js v24.18.0
Failed running 'src/onboarding/server.js'. Waiting for file changes before restarting...
Restarting 'src/onboarding/server.js'
Restarting 'src/onboarding/server.js'
node:events:487
      throw er; // Unhandled 'error' event
      ^

Error: listen EADDRINUSE: address already in use :::3006
    at Server.setupListenHandle [as _listen2] (node:net:2009:16)
    at listenInCluster (node:net:2066:12)
    at Server.listen (node:net:2171:7)
    at app.listen (C:\Code\beyond\node_modules\express\lib\application.js:635:24)
    at file:///C:/Code/beyond/src/onboarding/server.js:1512:7
    at ModuleJob.run (node:internal/modules/esm/module_job:439:25)
    at process.processTicksAndRejections (node:internal/process/task_queues:104:5)
    at async node:internal/modules/esm/loader:643:26
    at async asyncRunEntryPointWithESMLoader (node:internal/modules/run_main:101:5)
Emitted 'error' event on Server instance at:
    at emitErrorNT (node:net:2045:8)
    at process.processTicksAndRejections (node:internal/process/task_queues:90:21) {
  code: 'EADDRINUSE',
  errno: -4091,
  syscall: 'listen',
  address: '::',
  port: 3006
}

Node.js v24.18.0
Failed running 'src/onboarding/server.js'. Waiting for file changes before restarting...
Restarting 'src/onboarding/server.js'
node:events:487
      throw er; // Unhandled 'error' event
      ^

Error: listen EADDRINUSE: address already in use :::3006
    at Server.setupListenHandle [as _listen2] (node:net:2009:16)
    at listenInCluster (node:net:2066:12)
    at Server.listen (node:net:2171:7)
    at app.listen (C:\Code\beyond\node_modules\express\lib\application.js:635:24)
    at file:///C:/Code/beyond/src/onboarding/server.js:1512:7
    at ModuleJob.run (node:internal/modules/esm/module_job:439:25)
    at process.processTicksAndRejections (node:internal/process/task_queues:104:5)
    at async node:internal/modules/esm/loader:643:26
    at async asyncRunEntryPointWithESMLoader (node:internal/modules/run_main:101:5)
Emitted 'error' event on Server instance at:
    at emitErrorNT (node:net:2045:8)
    at process.processTicksAndRejections (node:internal/process/task_queues:90:21) {
  code: 'EADDRINUSE',
  errno: -4091,
  syscall: 'listen',
  address: '::',
  port: 3006
}

Node.js v24.18.0
Failed running 'src/onboarding/server.js'. Waiting for file changes before restarting...
Restarting 'src/onboarding/server.js'
node:events:487
      throw er; // Unhandled 'error' event
      ^

Error: listen EADDRINUSE: address already in use :::3006
    at Server.setupListenHandle [as _listen2] (node:net:2009:16)
    at listenInCluster (node:net:2066:12)
    at Server.listen (node:net:2171:7)
    at app.listen (C:\Code\beyond\node_modules\express\lib\application.js:635:24)
    at file:///C:/Code/beyond/src/onboarding/server.js:1512:7
    at ModuleJob.run (node:internal/modules/esm/module_job:439:25)
    at process.processTicksAndRejections (node:internal/process/task_queues:104:5)
    at async node:internal/modules/esm/loader:643:26
    at async asyncRunEntryPointWithESMLoader (node:internal/modules/run_main:101:5)
Emitted 'error' event on Server instance at:
    at emitErrorNT (node:net:2045:8)
    at process.processTicksAndRejections (node:internal/process/task_queues:90:21) {
  code: 'EADDRINUSE',
  errno: -4091,
  syscall: 'listen',
  address: '::',
  port: 3006
}

Node.js v24.18.0
Failed running 'src/onboarding/server.js'. Waiting for file changes before restarting...
Restarting 'src/onboarding/server.js'
Restarting 'src/onboarding/server.js'
node:events:487
      throw er; // Unhandled 'error' event
      ^

Error: listen EADDRINUSE: address already in use :::3006
    at Server.setupListenHandle [as _listen2] (node:net:2009:16)
    at listenInCluster (node:net:2066:12)
    at Server.listen (node:net:2171:7)
    at app.listen (C:\Code\beyond\node_modules\express\lib\application.js:635:24)
    at file:///C:/Code/beyond/src/onboarding/server.js:1512:7
    at ModuleJob.run (node:internal/modules/esm/module_job:439:25)
    at process.processTicksAndRejections (node:internal/process/task_queues:104:5)
    at async node:internal/modules/esm/loader:643:26
    at async asyncRunEntryPointWithESMLoader (node:internal/modules/run_main:101:5)
Emitted 'error' event on Server instance at:
    at emitErrorNT (node:net:2045:8)
    at process.processTicksAndRejections (node:internal/process/task_queues:90:21) {
  code: 'EADDRINUSE',
  errno: -4091,
  syscall: 'listen',
  address: '::',
  port: 3006
}

Node.js v24.18.0
Failed running 'src/onboarding/server.js'. Waiting for file changes before restarting...
Restarting 'src/onboarding/server.js'
node:events:487
      throw er; // Unhandled 'error' event
      ^

Error: listen EADDRINUSE: address already in use :::3006
    at Server.setupListenHandle [as _listen2] (node:net:2009:16)
    at listenInCluster (node:net:2066:12)
    at Server.listen (node:net:2171:7)
    at app.listen (C:\Code\beyond\node_modules\express\lib\application.js:635:24)
    at file:///C:/Code/beyond/src/onboarding/server.js:1512:7
    at ModuleJob.run (node:internal/modules/esm/module_job:439:25)
    at process.processTicksAndRejections (node:internal/process/task_queues:104:5)
    at async node:internal/modules/esm/loader:643:26
    at async asyncRunEntryPointWithESMLoader (node:internal/modules/run_main:101:5)
Emitted 'error' event on Server instance at:
    at emitErrorNT (node:net:2045:8)
    at process.processTicksAndRejections (node:internal/process/task_queues:90:21) {
  code: 'EADDRINUSE',
  errno: -4091,
  syscall: 'listen',
  address: '::',
  port: 3006
}

Node.js v24.18.0
Failed running 'src/onboarding/server.js'. Waiting for file changes before restarting...
[Onboarding] Server running on http://localhost:3006
  Command center: http://localhost:3006/dashboard.html
  Staff API: /api/onboarding/*
  Owner portal: /onboard/:token
Restarting 'src/onboarding/server.js'
Restarting 'src/onboarding/server.js'
[Onboarding] Server running on http://localhost:3006
  Command center: http://localhost:3006/dashboard.html
  Staff API: /api/onboarding/*
  Owner portal: /onboard/:token
Restarting 'src/onboarding/server.js'
[Onboarding] Server running on http://localhost:3006
  Command center: http://localhost:3006/dashboard.html
  Staff API: /api/onboarding/*
  Owner portal: /onboard/:token
Restarting 'src/onboarding/server.js'
Restarting 'src/onboarding/server.js'
[Onboarding] Server running on http://localhost:3006
  Command center: http://localhost:3006/dashboard.html
  Staff API: /api/onboarding/*
  Owner portal: /onboard/:token
Restarting 'src/onboarding/server.js'
[Onboarding] Server running on http://localhost:3006
  Command center: http://localhost:3006/dashboard.html
  Staff API: /api/onboarding/*
  Owner portal: /onboard/:token
Restarting 'src/onboarding/server.js'
Restarting 'src/onboarding/server.js'
[Onboarding] Server running on http://localhost:3006
  Command center: http://localhost:3006/dashboard.html
  Staff API: /api/onboarding/*
  Owner portal: /onboard/:token
Restarting 'src/onboarding/server.js'
[Onboarding] Server running on http://localhost:3006
  Command center: http://localhost:3006/dashboard.html
  Staff API: /api/onboarding/*
  Owner portal: /onboard/:token
Restarting 'src/onboarding/server.js'
Restarting 'src/onboarding/server.js'
[Onboarding] Server running on http://localhost:3006
  Command center: http://localhost:3006/dashboard.html
  Staff API: /api/onboarding/*
  Owner portal: /onboard/:token
Restarting 'src/onboarding/server.js'
[Onboarding] Server running on http://localhost:3006
  Command center: http://localhost:3006/dashboard.html
  Staff API: /api/onboarding/*
  Owner portal: /onboard/:token
[Onboarding] Server running on http://localhost:3006
  Command center: http://localhost:3006/dashboard.html
  Staff API: /api/onboarding/*
  Owner portal: /onboard/:token
Restarting 'src/onboarding/server.js'
Restarting 'src/onboarding/server.js'
[Onboarding] Server running on http://localhost:3006
  Command center: http://localhost:3006/dashboard.html
  Staff API: /api/onboarding/*
  Owner portal: /onboard/:token
Restarting 'src/onboarding/server.js'
[Onboarding] Server running on http://localhost:3006
  Command center: http://localhost:3006/dashboard.html
  Staff API: /api/onboarding/*
  Owner portal: /onboard/:token
Restarting 'src/onboarding/server.js'
Restarting 'src/onboarding/server.js'
[Onboarding] Server running on http://localhost:3006
  Command center: http://localhost:3006/dashboard.html
  Staff API: /api/onboarding/*
  Owner portal: /onboard/:token
Restarting 'src/onboarding/server.js'
[Onboarding] Server running on http://localhost:3006
  Command center: http://localhost:3006/dashboard.html
  Staff API: /api/onboarding/*
  Owner portal: /onboard/:token
Restarting 'src/onboarding/server.js'
Restarting 'src/onboarding/server.js'
[Onboarding] Server running on http://localhost:3006
  Command center: http://localhost:3006/dashboard.html
  Staff API: /api/onboarding/*
  Owner portal: /onboard/:token
Restarting 'src/onboarding/server.js'
[Onboarding] Server running on http://localhost:3006
  Command center: http://localhost:3006/dashboard.html
  Staff API: /api/onboarding/*
  Owner portal: /onboard/:token
Restarting 'src/onboarding/server.js'
[Onboarding] Server running on http://localhost:3006
  Command center: http://localhost:3006/dashboard.html
  Staff API: /api/onboarding/*
  Owner portal: /onboard/:token
Restarting 'src/onboarding/server.js'
[Onboarding] Server running on http://localhost:3006
  Command center: http://localhost:3006/dashboard.html
  Staff API: /api/onboarding/*
  Owner portal: /onboard/:token
Restarting 'src/onboarding/server.js'
[Onboarding] Server running on http://localhost:3006
  Command center: http://localhost:3006/dashboard.html
  Staff API: /api/onboarding/*
  Owner portal: /onboard/:token
Restarting 'src/onboarding/server.js'
[Onboarding] Server running on http://localhost:3006
  Command center: http://localhost:3006/dashboard.html
  Staff API: /api/onboarding/*
  Owner portal: /onboard/:token
Restarting 'src/onboarding/server.js'
Restarting 'src/onboarding/server.js'
[Onboarding] Server running on http://localhost:3006
  Command center: http://localhost:3006/dashboard.html
  Staff API: /api/onboarding/*
  Owner portal: /onboard/:token
Restarting 'src/onboarding/server.js'
Restarting 'src/onboarding/server.js'
Restarting 'src/onboarding/server.js'
[Onboarding] Server running on http://localhost:3006
  Command center: http://localhost:3006/dashboard.html
  Staff API: /api/onboarding/*
  Owner portal: /onboard/:token
Restarting 'src/onboarding/server.js'
[Onboarding] Server running on http://localhost:3006
  Command center: http://localhost:3006/dashboard.html
  Staff API: /api/onboarding/*
  Owner portal: /onboard/:token
Restarting 'src/onboarding/server.js'
[Onboarding] Server running on http://localhost:3006
  Command center: http://localhost:3006/dashboard.html
  Staff API: /api/onboarding/*
  Owner portal: /onboard/:token
Restarting 'src/onboarding/server.js'
[Onboarding] Server running on http://localhost:3006
  Command center: http://localhost:3006/dashboard.html
  Staff API: /api/onboarding/*
  Owner portal: /onboard/:token
Restarting 'src/onboarding/server.js'
[Onboarding] Server running on http://localhost:3006
  Command center: http://localhost:3006/dashboard.html
  Staff API: /api/onboarding/*
  Owner portal: /onboard/:token
Restarting 'src/onboarding/server.js'
[Onboarding] Server running on http://localhost:3006
  Command center: http://localhost:3006/dashboard.html
  Staff API: /api/onboarding/*
  Owner portal: /onboard/:token
Restarting 'src/onboarding/server.js'
[Onboarding] Server running on http://localhost:3006
  Command center: http://localhost:3006/dashboard.html
  Staff API: /api/onboarding/*
  Owner portal: /onboard/:token
Restarting 'src/onboarding/server.js'
[Onboarding] Server running on http://localhost:3006
  Command center: http://localhost:3006/dashboard.html
  Staff API: /api/onboarding/*
  Owner portal: /onboard/:token
Restarting 'src/onboarding/server.js'
Restarting 'src/onboarding/server.js'
[Onboarding] Server running on http://localhost:3006
  Command center: http://localhost:3006/dashboard.html
  Staff API: /api/onboarding/*
  Owner portal: /onboard/:token
Restarting 'src/onboarding/server.js'
Restarting 'src/onboarding/server.js'
Restarting 'src/onboarding/server.js'
[Onboarding] Server running on http://localhost:3006
  Command center: http://localhost:3006/dashboard.html
  Staff API: /api/onboarding/*
  Owner portal: /onboard/:token
Restarting 'src/onboarding/server.js'
Restarting 'src/onboarding/server.js'
[Onboarding] Server running on http://localhost:3006
  Command center: http://localhost:3006/dashboard.html
  Staff API: /api/onboarding/*
  Owner portal: /onboard/:token
Restarting 'src/onboarding/server.js'
[Onboarding] Server running on http://localhost:3006
  Command center: http://localhost:3006/dashboard.html
  Staff API: /api/onboarding/*
  Owner portal: /onboard/:token
Restarting 'src/onboarding/server.js'
[Onboarding] Server running on http://localhost:3006
  Command center: http://localhost:3006/dashboard.html
  Staff API: /api/onboarding/*
  Owner portal: /onboard/:token
Restarting 'src/onboarding/server.js'
[Onboarding] Server running on http://localhost:3006
  Command center: http://localhost:3006/dashboard.html
  Staff API: /api/onboarding/*
  Owner portal: /onboard/:token
Restarting 'src/onboarding/server.js'
[Onboarding] Server running on http://localhost:3006
  Command center: http://localhost:3006/dashboard.html
  Staff API: /api/onboarding/*
  Owner portal: /onboard/:token
Restarting 'src/onboarding/server.js'
Restarting 'src/onboarding/server.js'
[Onboarding] Server running on http://localhost:3006
  Command center: http://localhost:3006/dashboard.html
  Staff API: /api/onboarding/*
  Owner portal: /onboard/:token
Restarting 'src/onboarding/server.js'
[Onboarding] Server running on http://localhost:3006
  Command center: http://localhost:3006/dashboard.html
  Staff API: /api/onboarding/*
  Owner portal: /onboard/:token
Restarting 'src/onboarding/server.js'
Restarting 'src/onboarding/server.js'
[Onboarding] Server running on http://localhost:3006
  Command center: http://localhost:3006/dashboard.html
  Staff API: /api/onboarding/*
  Owner portal: /onboard/:token
Restarting 'src/onboarding/server.js'
[Onboarding] Server running on http://localhost:3006
  Command center: http://localhost:3006/dashboard.html
  Staff API: /api/onboarding/*
  Owner portal: /onboard/:token
Restarting 'src/onboarding/server.js'
[Onboarding] Server running on http://localhost:3006
  Command center: http://localhost:3006/dashboard.html
  Staff API: /api/onboarding/*
  Owner portal: /onboard/:token
Restarting 'src/onboarding/server.js'
[Onboarding] Server running on http://localhost:3006
  Command center: http://localhost:3006/dashboard.html
  Staff API: /api/onboarding/*
  Owner portal: /onboard/:token
Restarting 'src/onboarding/server.js'
[Onboarding] Server running on http://localhost:3006
  Command center: http://localhost:3006/dashboard.html
  Staff API: /api/onboarding/*
  Owner portal: /onboard/:token
Restarting 'src/onboarding/server.js'
[Onboarding] Server running on http://localhost:3006
  Command center: http://localhost:3006/dashboard.html
  Staff API: /api/onboarding/*
  Owner portal: /onboard/:token
Restarting 'src/onboarding/server.js'
[Onboarding] Server running on http://localhost:3006
  Command center: http://localhost:3006/dashboard.html
  Staff API: /api/onboarding/*
  Owner portal: /onboard/:token
Restarting 'src/onboarding/server.js'
[Onboarding] Server running on http://localhost:3006
  Command center: http://localhost:3006/dashboard.html
  Staff API: /api/onboarding/*
  Owner portal: /onboard/:token
Restarting 'src/onboarding/server.js'
[Onboarding] Server running on http://localhost:3006
  Command center: http://localhost:3006/dashboard.html
  Staff API: /api/onboarding/*
  Owner portal: /onboard/:token
Restarting 'src/onboarding/server.js'
[Onboarding] Server running on http://localhost:3006
  Command center: http://localhost:3006/dashboard.html
  Staff API: /api/onboarding/*
  Owner portal: /onboard/:token
Restarting 'src/onboarding/server.js'
[Onboarding] Server running on http://localhost:3006
  Command center: http://localhost:3006/dashboard.html
  Staff API: /api/onboarding/*
  Owner portal: /onboard/:token
Restarting 'src/onboarding/server.js'
[Onboarding] Server running on http://localhost:3006
  Command center: http://localhost:3006/dashboard.html
  Staff API: /api/onboarding/*
  Owner portal: /onboard/:token
Restarting 'src/onboarding/server.js'
[Onboarding] Server running on http://localhost:3006
  Command center: http://localhost:3006/dashboard.html
  Staff API: /api/onboarding/*
  Owner portal: /onboard/:token
Restarting 'src/onboarding/server.js'
Restarting 'src/onboarding/server.js'
[Onboarding] Server running on http://localhost:3006
  Command center: http://localhost:3006/dashboard.html
  Staff API: /api/onboarding/*
  Owner portal: /onboard/:token
Restarting 'src/onboarding/server.js'
[Onboarding] Server running on http://localhost:3006
  Command center: http://localhost:3006/dashboard.html
  Staff API: /api/onboarding/*
  Owner portal: /onboard/:token
Restarting 'src/onboarding/server.js'
[Onboarding] Server running on http://localhost:3006
  Command center: http://localhost:3006/dashboard.html
  Staff API: /api/onboarding/*
  Owner portal: /onboard/:token
Restarting 'src/onboarding/server.js'
Restarting 'src/onboarding/server.js'
[Onboarding] Server running on http://localhost:3006
  Command center: http://localhost:3006/dashboard.html
  Staff API: /api/onboarding/*
  Owner portal: /onboard/:token
Restarting 'src/onboarding/server.js'
Restarting 'src/onboarding/server.js'
[Onboarding] Server running on http://localhost:3006
  Command center: http://localhost:3006/dashboard.html
  Staff API: /api/onboarding/*
  Owner portal: /onboard/:token
Restarting 'src/onboarding/server.js'
[Onboarding] Server running on http://localhost:3006
  Command center: http://localhost:3006/dashboard.html
  Staff API: /api/onboarding/*
  Owner portal: /onboard/:token
Restarting 'src/onboarding/server.js'
[Onboarding] Server running on http://localhost:3006
  Command center: http://localhost:3006/dashboard.html
  Staff API: /api/onboarding/*
  Owner portal: /onboard/:token
Restarting 'src/onboarding/server.js'
[Onboarding] Server running on http://localhost:3006
  Command center: http://localhost:3006/dashboard.html
  Staff API: /api/onboarding/*
  Owner portal: /onboard/:token
Restarting 'src/onboarding/server.js'
[Onboarding] Server running on http://localhost:3006
  Command center: http://localhost:3006/dashboard.html
  Staff API: /api/onboarding/*
  Owner portal: /onboard/:token
Restarting 'src/onboarding/server.js'
[Onboarding] Server running on http://localhost:3006
  Command center: http://localhost:3006/dashboard.html
  Staff API: /api/onboarding/*
  Owner portal: /onboard/:token
Restarting 'src/onboarding/server.js'
Restarting 'src/onboarding/server.js'
[Onboarding] Server running on http://localhost:3006
  Command center: http://localhost:3006/dashboard.html
  Staff API: /api/onboarding/*
  Owner portal: /onboard/:token
